[baixarapp.brstore.site/index.html]
[manager.brstore.site/assets/vendor/bootstrap/css/bootstrap.min.css]
[manager.brstore.site/assets/vendor/animate-css/animate.min.css]
[manager.brstore.site/assets/vendor/slick/slick.css]
[manager.brstore.site/assets/vendor/slick/slick-theme.css]
[baixarapp.brstore.site/material-design-iconic-font/css/material-design-iconic-font.min.css]
[manager.brstore.site/assets/fonts/flaticon/flaticon.css]
[manager.brstore.site/assets/css/main.css]
[cdn.jsdelivr.net/gh/needim/noty@77268c46/lib/noty.css]
[cdnjs.cloudflare.com/ajax/libs/animate.css/3.5.2/animate.min.css]
[backblue.gif]
[fade.gif]
[index.html]
[i.imgur.com/JdE6HU7.png]
[baixarapp.top/assets2/img/logo.png]
[baixarapp.top/logosapps/adbbluebzandroidtv.jpg]
[baixarapp.top/logosapps/proplayp2p.jpg]
[baixarapp.top/logosapps/spellingimp.jpg]
[baixarapp.top/logosapps/expressds.jpg]
[baixarapp.top/logosapps/monkeybox.jpg]
[baixarapp.top/logosapps/adbsmart.jpg]
[baixarapp.top/logosapps/adbx.jpg]
[baixarapp.top/logosapps/proplayv61.jpg]
[img.drxtv.pw/mastersp2.jpg]
[manager.brstore.site/assets/vendor/jquery/jquery.min.js]
[manager.brstore.site/assets/vendor/bootstrap/js/bootstrap.bundle.min.js]
[manager.brstore.site/assets/vendor/wowjs/wow.min.js]
[manager.brstore.site/assets/js/main.js]
[baixarapp.brstore.site/index.html]
[manager.brstore.site/assets/vendor/bootstrap/css/bootstrap.min.css]
[manager.brstore.site/assets/vendor/animate-css/animate.min.css]
[manager.brstore.site/assets/vendor/slick/slick.css]
[manager.brstore.site/assets/vendor/slick/ajax-loader.gif]
[manager.brstore.site/assets/vendor/slick/fonts/slick.eot]
[manager.brstore.site/assets/vendor/slick/fonts/slickd41d.eot]
[manager.brstore.site/assets/vendor/slick/fonts/slick.woff]
[manager.brstore.site/assets/vendor/slick/fonts/slick.ttf]
[manager.brstore.site/assets/vendor/slick/slick-theme.css]
[manager.brstore.site/assets/vendor/slick/fonts/slick.svg]
[baixarapp.brstore.site/material-design-iconic-font/fonts/Material-Design-Iconic-Fontd1f1.woff]
[baixarapp.brstore.site/material-design-iconic-font/css/material-design-iconic-font.min.css]
[baixarapp.brstore.site/material-design-iconic-font/fonts/Material-Design-Iconic-Fontd1f1.ttf]
[manager.brstore.site/assets/fonts/flaticon/Flaticon.eot]
[manager.brstore.site/assets/fonts/flaticon/Flaticond41d.eot]
[manager.brstore.site/assets/fonts/flaticon/Flaticon.woff]
[manager.brstore.site/assets/fonts/flaticon/Flaticon.ttf]
[manager.brstore.site/assets/fonts/flaticon/flaticon.css]
[manager.brstore.site/assets/css/main.css]
[cdn.jsdelivr.net/gh/needim/noty@77268c46/lib/noty.css]
[cdnjs.cloudflare.com/ajax/libs/animate.css/3.5.2/animate.min.css]
[baixarapp.top/logosapps/adbyellowbeeandroidtv.html]
[baixarapp.top/logosapps/adborangeblandroidtv.html]
[baixarapp.top/logosapps/adbdarketandroidtv.html]
[baixarapp.top/logosapps/adbworldmgandroidtv.html]
[baixarapp.top/logosapps/adbpurplespdandroidtv.html]
[baixarapp.top/logosapps/adbclientctv2.html]
[baixarapp.top/logosapps/dronecam.html]
[baixarapp.top/logosapps/peerp2.html]
[manager.brstore.site/assets/fonts/flaticon/Flaticon.svg]
[manager.brstore.site/assets/vendor/slick/fonts/slick.svg]
[baixarapp.brstore.site/material-design-iconic-font/fonts/Material-Design-Iconic-Fontd1f1.html]
[manager.brstore.site/assets/fonts/flaticon/Flaticon.html]
[manager.brstore.site/assets/fonts/flaticon/Flaticon-2.html]
[manager.brstore.site/assets/fonts/flaticon/Flaticon.svg]
